i is now 100
i is now 93
i is now 86
i is now 79
i is now 72
i is now 65
i is now 58
i is now 51
i is now 44
i is now 37
i is now 30
i is now 23
i is now 16
i is now 9
i is now 2
